[{ "title": Just "All Star", "artists": Just { "nodes": Just [Just { "name": Just "Smash Mouth" }] }, "video": Just True, "length": Just (Duration 201000), "rating": Just { "voteCount": 500, "value": Just 4.8 }, "releases": Just { "nodes": Just [Just { "title": Just "Astro Lounge", "date": Just (Date {year = 1999, month = Nothing, day = Nothing}), "status": Just OFFICIAL }] } }]