[{"title": Just "Old Town Road", "artists": Just {"nodes": Just [Just {"name": Just "Lil Nas X"}]}, "video": Just False, "length": Just (Duration 113000), "rating": Just {"voteCount": 200, "value": Just 3.4}, "releases": Just {"nodes": Just [Just {"title": Just "7", "date": Just (Date {year = 2019, month = Nothing, day = Nothing}), "status": Just OFFICIAL}]}},{"title": Just "Old Town Road (Remix)", "artists": Just {"nodes": Just [Just {"name": Just "Lil Nas X (feat. Billy Ray Cyrus)"}]}, "video": Just True, "length": Just (Duration 157000), "rating": Just {"voteCount": 250, "value": Just 4.3}, "releases": Just {"nodes": Just [Just {"title": Just "7", "date": Just (Date {year = 2019, month = Nothing, day = Nothing}), "status": Just OFFICIAL}]}}]